// Jest Snapshot v1, https://goo.gl/fbAQLP

exports[`AppAlert.vue renders properly 1`] = `<div class="alert visible"><i data-testid="icon" class="fa-solid fa-circle-exclamation"></i><span>Error message</span></div>`;
